[sites.google.com/site/unblockedgameswtf/among-us-unblocked.html]
[backblue.gif]
[fade.gif]
[index.html]
[ssl.gstatic.com/sites/p/8877e9/system/app/images/apple-touch-icon.png]
[ssl.gstatic.com/sites/p/8877e9/system/app/images/cleardot.gif]
[ssl.gstatic.com/sites/p/8877e9/system/js/trog_edit__en.js]
[sites.google.com/site/unblockedgameswtf/index.html]
[sites.google.com/site/unblockedgameswtf/home.html]
[sites.google.com/site/unblockedgameswtf/12-minibattles.html]
[sites.google.com/site/unblockedgameswtf/1v1-lol.html]
[sites.google.com/site/unblockedgameswtf/2048.html]
[sites.google.com/site/unblockedgameswtf/2048-cupcakes.html]
[sites.google.com/site/unblockedgameswtf/2048-multiplayer.html]
[sites.google.com/site/unblockedgameswtf/2048-shoot.html]
[sites.google.com/site/unblockedgameswtf/agariolite.html]
[sites.google.com/site/unblockedgameswtf/ahoy-survival.html]
[sites.google.com/site/unblockedgameswtf/among-us.html]
[sites.google.com/site/unblockedgameswtf/angry-birds.html]
[sites.google.com/site/unblockedgameswtf/apple-shooter.html]
[sites.google.com/site/unblockedgameswtf/backflip-maniac.html]
[sites.google.com/site/unblockedgameswtf/bad-time-simulator.html]
[sites.google.com/site/unblockedgameswtf/baldi-basics.html]
[sites.google.com/site/unblockedgameswtf/ball-blast.html]
[sites.google.com/site/unblockedgameswtf/ball-mayhem.html]
[sites.google.com/site/unblockedgameswtf/banana-bread-demo.html]
[sites.google.com/site/unblockedgameswtf/bankin-bacon.html]
[sites.google.com/site/unblockedgameswtf/barry-has-a-secret.html]
[sites.google.com/site/unblockedgameswtf/basket-slam-dunk-2.html]
[sites.google.com/site/unblockedgameswtf/basketball-legends.html]
[sites.google.com/site/unblockedgameswtf/basketball-legends-2020.html]
[sites.google.com/site/unblockedgameswtf/basketball-physics.html]
[sites.google.com/site/unblockedgameswtf/basketball-shooter.html]
[sites.google.com/site/unblockedgameswtf/basketball-stars.html]
[sites.google.com/site/unblockedgameswtf/basketball-io.html]
[sites.google.com/site/unblockedgameswtf/big-tower-tiny-square.html]
[sites.google.com/site/unblockedgameswtf/biters-io.html]
[sites.google.com/site/unblockedgameswtf/blocky-gun-paintball.html]
[sites.google.com/site/unblockedgameswtf/blocky-snakes.html]
[sites.google.com/site/unblockedgameswtf/blood-tournament.html]
[sites.google.com/site/unblockedgameswtf/bob-the-robber-5.html]
[sites.google.com/site/unblockedgameswtf/bottle-flip.html]
[sites.google.com/site/unblockedgameswtf/bouncy-dudes-io.html]
[sites.google.com/site/unblockedgameswtf/bouncy-rush.html]
[sites.google.com/site/unblockedgameswtf/bowman.html]
[sites.google.com/site/unblockedgameswtf/bowman-2.html]
[sites.google.com/site/unblockedgameswtf/brawl-stars.html]
[sites.google.com/site/unblockedgameswtf/brawl-stars-project-laser.html]
[sites.google.com/site/unblockedgameswtf/build-and-crush.html]
[sites.google.com/site/unblockedgameswtf/bullet-party-2.html]
[sites.google.com/site/unblockedgameswtf/burrito-bison-launcha-libre.html]
[sites.google.com/site/unblockedgameswtf/call-of-ops-2.html]
[sites.google.com/site/unblockedgameswtf/car-drawing.html]
[sites.google.com/site/unblockedgameswtf/car-eats-car-evil-cats.html]
[sites.google.com/site/unblockedgameswtf/castel-wars.html]
[sites.google.com/site/unblockedgameswtf/chainsaw-dance.html]
[sites.google.com/site/unblockedgameswtf/cleanup-io.html]
[sites.google.com/site/unblockedgameswtf/climbing-over-it.html]
[sites.google.com/site/unblockedgameswtf/combat-cubic-arena.html]
[sites.google.com/site/unblockedgameswtf/cookie-clicker.html]
[sites.google.com/site/unblockedgameswtf/cooking-frenzy.html]
[sites.google.com/site/unblockedgameswtf/copter-vs-tank-ez.html]
[sites.google.com/site/unblockedgameswtf/counter-strike.html]
[sites.google.com/site/unblockedgameswtf/craftmine.html]
[sites.google.com/site/unblockedgameswtf/cross-that-road.html]
[sites.google.com/site/unblockedgameswtf/crossy-road.html]
[sites.google.com/site/unblockedgameswtf/csgo-case-clicker.html]
[sites.google.com/site/unblockedgameswtf/death-run-3d.html]
[sites.google.com/site/unblockedgameswtf/desert-shooter.html]
[sites.google.com/site/unblockedgameswtf/dinosaur-t-rex-runner.html]
[sites.google.com/site/unblockedgameswtf/dinosaurs-jurassic.html]
[sites.google.com/site/unblockedgameswtf/disc-us.html]
[sites.google.com/site/unblockedgameswtf/doomz-io.html]
[sites.google.com/site/unblockedgameswtf/drag-racing-club.html]
[sites.google.com/site/unblockedgameswtf/drag-racing-rivals.html]
[sites.google.com/site/unblockedgameswtf/draw-climber.html]
[sites.google.com/site/unblockedgameswtf/drift-boss.html]
[sites.google.com/site/unblockedgameswtf/drift-car-simulator.html]
[sites.google.com/site/unblockedgameswtf/drift-hunters.html]
[sites.google.com/site/unblockedgameswtf/drunken-duel.html]
[sites.google.com/site/unblockedgameswtf/drunken-duel-2.html]
[sites.google.com/site/unblockedgameswtf/duck-life.html]
[sites.google.com/site/unblockedgameswtf/duck-life-2.html]
[sites.google.com/site/unblockedgameswtf/duck-life-3.html]
[sites.google.com/site/unblockedgameswtf/dumb-ways-to-die-3-world-tour.html]
[sites.google.com/site/unblockedgameswtf/elastic-man.html]
[sites.google.com/site/unblockedgameswtf/endless-tunnel.html]
[sites.google.com/site/unblockedgameswtf/epic-basketball.html]
[sites.google.com/site/unblockedgameswtf/escape-masters.html]
[sites.google.com/site/unblockedgameswtf/fall-ball.html]
[sites.google.com/site/unblockedgameswtf/fall-beans.html]
[sites.google.com/site/unblockedgameswtf/fall-boys.html]
[sites.google.com/site/unblockedgameswtf/fall-guys.html]
[sites.google.com/site/unblockedgameswtf/fancy-pants-adventures.html]
[sites.google.com/site/unblockedgameswtf/fire-balls-3d.html]
[sites.google.com/site/unblockedgameswtf/fireboy-and-watergirl-2-the-light-temple.html]
[sites.google.com/site/unblockedgameswtf/fireboy-and-watergirl-3-in-the-ice-temple.html]
[sites.google.com/site/unblockedgameswtf/fit-in-the-wall.html]
[sites.google.com/site/unblockedgameswtf/flappy-bird.html]
[sites.google.com/site/unblockedgameswtf/flappy-bird-2.html]
[sites.google.com/site/unblockedgameswtf/fnaf-final-purgatory.html]
[sites.google.com/site/unblockedgameswtf/fortnite.html]
[sites.google.com/site/unblockedgameswtf/fortnite-building.html]
[sites.google.com/site/unblockedgameswtf/free-rally-2.html]
[sites.google.com/site/unblockedgameswtf/friday-night-funkin.html]
[sites.google.com/site/unblockedgameswtf/friday-night-funkin-b-side-mod.html]
[sites.google.com/site/unblockedgameswtf/friday-night-funkin-cg5-edition-mod.html]
[sites.google.com/site/unblockedgameswtf/friday-night-funkin-hatsune-miku-mod.html]
[sites.google.com/site/unblockedgameswtf/friday-night-funkin-neo-mod.html]
[sites.google.com/site/unblockedgameswtf/friday-night-funkin-sarvente-s-mid-fight-masses-mod.html]
[sites.google.com/site/unblockedgameswtf/friday-night-funkin-tankman.html]
[sites.google.com/site/unblockedgameswtf/friday-night-funkin-tricky-mod.html]
[sites.google.com/site/unblockedgameswtf/friday-night-funkin-ugh-mod.html]
[sites.google.com/site/unblockedgameswtf/friday-night-funkin-vs-agoti-mod.html]
[sites.google.com/site/unblockedgameswtf/friday-night-funkin-vs-carol-v2.html]
[sites.google.com/site/unblockedgameswtf/friday-night-funkin-vs-hex-mod.html]
[sites.google.com/site/unblockedgameswtf/friday-night-funkin-vs-matt-mod.html]
[sites.google.com/site/unblockedgameswtf/friday-night-funkin-vs-sky-mod.html]
[sites.google.com/site/unblockedgameswtf/friday-night-funkin-vs-zardy-mod.html]
[sites.google.com/site/unblockedgameswtf/friday-night-funkin-week-2.html]
[sites.google.com/site/unblockedgameswtf/friday-night-funkin-week-6.html]
[sites.google.com/site/unblockedgameswtf/friday-night-funkin-week-7.html]
[sites.google.com/site/unblockedgameswtf/friday-night-funkin-whitty-mod.html]
[sites.google.com/site/unblockedgameswtf/friday-night-funkin-x-event.html]
[sites.google.com/site/unblockedgameswtf/gacha-club.html]
[sites.google.com/site/unblockedgameswtf/gacha-life.html]
[sites.google.com/site/unblockedgameswtf/gangsters.html]
[sites.google.com/site/unblockedgameswtf/geometrical-dash.html]
[sites.google.com/site/unblockedgameswtf/geometry-dash-classic.html]
[sites.google.com/site/unblockedgameswtf/geometry-dash-finally.html]
[sites.google.com/site/unblockedgameswtf/geometry-dash-jump.html]
[sites.google.com/site/unblockedgameswtf/geometry-dash-nemesis.html]
[sites.google.com/site/unblockedgameswtf/geometry-jump.html]
[sites.google.com/site/unblockedgameswtf/get-on-top.html]
[sites.google.com/site/unblockedgameswtf/getaway-shootout.html]
[sites.google.com/site/unblockedgameswtf/go-up-dash.html]
[sites.google.com/site/unblockedgameswtf/gold-miner.html]
[sites.google.com/site/unblockedgameswtf/google-gravity.html]
[sites.google.com/site/unblockedgameswtf/google-maps-snake.html]
[sites.google.com/site/unblockedgameswtf/grand-action-simulator.html]
[sites.google.com/site/unblockedgameswtf/granny.html]
[sites.google.com/site/unblockedgameswtf/grindcraft-remastered.html]
[sites.google.com/site/unblockedgameswtf/gun-mayhem-2.html]
[sites.google.com/site/unblockedgameswtf/gun-mayhem-ez.html]
[sites.google.com/site/unblockedgameswtf/gun-night.html]
[sites.google.com/site/unblockedgameswtf/gunblood.html]
[sites.google.com/site/unblockedgameswtf/gungame-shooting.html]
[sites.google.com/site/unblockedgameswtf/hangman.html]
[sites.google.com/site/unblockedgameswtf/happy-glass.html]
[sites.google.com/site/unblockedgameswtf/happy-wheels.html]
[sites.google.com/site/unblockedgameswtf/heads-mayhem.html]
[sites.google.com/site/unblockedgameswtf/helix-ascend.html]
[sites.google.com/site/unblockedgameswtf/helix-jump.html]
[sites.google.com/site/unblockedgameswtf/hero-rescue.html]
[sites.google.com/site/unblockedgameswtf/hill-climb-racing.html]
[sites.google.com/site/unblockedgameswtf/hitboxing.html]
[sites.google.com/site/unblockedgameswtf/hole-io.html]
[sites.google.com/site/unblockedgameswtf/horse-simulator-3d.html]
[sites.google.com/site/unblockedgameswtf/house-of-hazards.html]
[sites.google.com/site/unblockedgameswtf/idle-breakout.html]
[sites.google.com/site/unblockedgameswtf/Idle-Emoji-Factory.html]
[sites.google.com/site/unblockedgameswtf/impeached.html]
[sites.google.com/site/unblockedgameswtf/janissary-battles.html]
[sites.google.com/site/unblockedgameswtf/javelin-fighting.html]
[sites.google.com/site/unblockedgameswtf/jelly-truck.html]
[sites.google.com/site/unblockedgameswtf/johnny-trigger.html]
[sites.google.com/site/unblockedgameswtf/jump-basket.html]
[sites.google.com/site/unblockedgameswtf/jump-doper.html]
[sites.google.com/site/unblockedgameswtf/jumpy-rush.html]
[sites.google.com/site/unblockedgameswtf/just-build-2.html]
[sites.google.com/site/unblockedgameswtf/just-build.html]
[sites.google.com/site/unblockedgameswtf/just-fall-lol.html]
[sites.google.com/site/unblockedgameswtf/just-flip.html]
[sites.google.com/site/unblockedgameswtf/justaim-lol.html]
[sites.google.com/site/unblockedgameswtf/keep-da-flo.html]
[sites.google.com/site/unblockedgameswtf/lamphead.html]
[sites.google.com/site/unblockedgameswtf/last-wood.html]
[sites.google.com/site/unblockedgameswtf/leader-strike.html]
[sites.google.com/site/unblockedgameswtf/learn-to-fly.html]
[sites.google.com/site/unblockedgameswtf/madalin-cars-multiplayer.html]
[sites.google.com/site/unblockedgameswtf/madalin-stunt-cars-2.html]
[sites.google.com/site/unblockedgameswtf/mine-brothers-the-magic-temple.html]
[sites.google.com/site/unblockedgameswtf/mine-clone.html]
[sites.google.com/site/unblockedgameswtf/minecraft-classic.html]
[sites.google.com/site/unblockedgameswtf/minecraft-remake.html]
[sites.google.com/site/unblockedgameswtf/minecraft-tower-defense.html]
[sites.google.com/site/unblockedgameswtf/minesweeper.html]
[sites.google.com/site/unblockedgameswtf/minicars-soccer.html]
[sites.google.com/site/unblockedgameswtf/miniroyale-io.html]
[sites.google.com/site/unblockedgameswtf/modern-blocky-paint.html]
[sites.google.com/site/unblockedgameswtf/moto-x3m.html]
[sites.google.com/site/unblockedgameswtf/moto-x3m-winter.html]
[sites.google.com/site/unblockedgameswtf/mr-bullet.html]
[sites.google.com/site/unblockedgameswtf/octocurse.html]
[sites.google.com/site/unblockedgameswtf/one-night-at-flumty-s.html]
[sites.google.com/site/unblockedgameswtf/pacman.html]
[sites.google.com/site/unblockedgameswtf/paint-io.html]
[sites.google.com/site/unblockedgameswtf/paintball-battle-fun.html]
[sites.google.com/site/unblockedgameswtf/papa-s-freezeria.html]
[sites.google.com/site/unblockedgameswtf/paper-minecraft.html]
[sites.google.com/site/unblockedgameswtf/paper-io-2.html]
[sites.google.com/site/unblockedgameswtf/paper-io-3d.html]
[sites.google.com/site/unblockedgameswtf/pawn-killer.html]
[sites.google.com/site/unblockedgameswtf/penguin-io.html]
[sites.google.com/site/unblockedgameswtf/piano-tiles.html]
[sites.google.com/site/unblockedgameswtf/ping-pong-chaos.html]
[sites.google.com/site/unblockedgameswtf/pixel-combat.html]
[sites.google.com/site/unblockedgameswtf/pixel-combat-2.html]
[sites.google.com/site/unblockedgameswtf/pixel-gun-apocalypse.html]
[sites.google.com/site/unblockedgameswtf/pixel-gun-apocalypse-2.html]
[sites.google.com/site/unblockedgameswtf/pixel-warfare.html]
[sites.google.com/site/unblockedgameswtf/pixel-world.html]
[sites.google.com/site/unblockedgameswtf/pizza-clicker.html]
[sites.google.com/site/unblockedgameswtf/plazma-burst.html]
[sites.google.com/site/unblockedgameswtf/pocket-league-3d.html]
[sites.google.com/site/unblockedgameswtf/police-pursuit-2.html]
[sites.google.com/site/unblockedgameswtf/poop-clicker.html]
[sites.google.com/site/unblockedgameswtf/pubg-pixel.html]
[sites.google.com/site/unblockedgameswtf/pull-him-out.html]
[sites.google.com/site/unblockedgameswtf/qwop.html]
[sites.google.com/site/unblockedgameswtf/racing-jump.html]
[sites.google.com/site/unblockedgameswtf/racing-rocket-2.html]
[sites.google.com/site/unblockedgameswtf/ragdoll-runners.html]
[sites.google.com/site/unblockedgameswtf/ragdoll-soccer.html]
[sites.google.com/site/unblockedgameswtf/ragdoll-io.html]
[sites.google.com/site/unblockedgameswtf/retro-bowl.e4.delayed]
[sites.google.com/site/unblockedgameswtf/riddle-school.html]
[sites.google.com/site/unblockedgameswtf/rocket-league-2d.html]
[sites.google.com/site/unblockedgameswtf/rolling-ball.html]
[sites.google.com/site/unblockedgameswtf/rolling-sky.html]
[sites.google.com/site/unblockedgameswtf/rooftop-royale.html]
[sites.google.com/site/unblockedgameswtf/rooftop-shooter.html]
[sites.google.com/site/unblockedgameswtf/rooftop-snipers.html]
[sites.google.com/site/unblockedgameswtf/run-3.html]
[sites.google.com/site/unblockedgameswtf/russian-car-driver.html]
[sites.google.com/site/unblockedgameswtf/russian-car-driver-zil-130.html]
[sites.google.com/site/unblockedgameswtf/shark-attack.html]
[sites.google.com/site/unblockedgameswtf/shooter-2d.html]
[sites.google.com/site/unblockedgameswtf/short-life.html]
[sites.google.com/site/unblockedgameswtf/short-ride.html]
[sites.google.com/site/unblockedgameswtf/sick-nasty.html]
[sites.google.com/site/unblockedgameswtf/sketchpad-online.html]
[sites.google.com/site/unblockedgameswtf/sling-drift.html]
[sites.google.com/site/unblockedgameswtf/slope.html]
[sites.google.com/site/unblockedgameswtf/slope-2.html]
[sites.google.com/site/unblockedgameswtf/slope-ball.html]
[sites.google.com/site/unblockedgameswtf/slope-run.html]
[sites.google.com/site/unblockedgameswtf/slope-tunnel.html]
[sites.google.com/site/unblockedgameswtf/snowball-io.html]
[sites.google.com/site/unblockedgameswtf/soccer-physics.html]
[sites.google.com/site/unblockedgameswtf/solitaire.html]
[sites.google.com/site/unblockedgameswtf/sonic-revert.html]
[sites.google.com/site/unblockedgameswtf/sonic-the-hedgehog.html]
[sites.google.com/site/unblockedgameswtf/space-balls.html]
[sites.google.com/site/unblockedgameswtf/spacebar-counter.html]
[sites.google.com/site/unblockedgameswtf/sparkman-2.html]
[sites.google.com/site/unblockedgameswtf/spiders.html]
[sites.google.com/site/unblockedgameswtf/squadd-royale.html]
[sites.google.com/site/unblockedgameswtf/stick-duel.html]
[sites.google.com/site/unblockedgameswtf/stick-rpg.html]
[sites.google.com/site/unblockedgameswtf/stick-rpg-complete.html]
[sites.google.com/site/unblockedgameswtf/stickjet-challenge.html]
[sites.google.com/site/unblockedgameswtf/stickman-hook.html]
[sites.google.com/site/unblockedgameswtf/subway-surfers.html]
[sites.google.com/site/unblockedgameswtf/sugar-warrior.html]
[sites.google.com/site/unblockedgameswtf/super-smash-flash-2.html]
[sites.google.com/site/unblockedgameswtf/superhot-line-miami.html]
[sites.google.com/site/unblockedgameswtf/supra-racing-drift.html]
[sites.google.com/site/unblockedgameswtf/swingin-reswung.html]
[sites.google.com/site/unblockedgameswtf/swingstar.html]
[sites.google.com/site/unblockedgameswtf/swords-and-sandals.html]
[sites.google.com/site/unblockedgameswtf/swords-and-sandals-2.html]
[sites.google.com/site/unblockedgameswtf/tabs.html]
[sites.google.com/site/unblockedgameswtf/tank-mayhem-trouble.html]
[sites.google.com/site/unblockedgameswtf/tanuki-sunset.html]
[sites.google.com/site/unblockedgameswtf/temple-run.html]
[sites.google.com/site/unblockedgameswtf/the-tester.html]
[sites.google.com/site/unblockedgameswtf/the-world-s-hardest-game-2.html]
[sites.google.com/site/unblockedgameswtf/the-worlds-hardest-game.html]
[sites.google.com/site/unblockedgameswtf/tic-tac-toe.html]
[sites.google.com/site/unblockedgameswtf/tiny-fishing.html]
[sites.google.com/site/unblockedgameswtf/tom-and-jerry-run.html]
[sites.google.com/site/unblockedgameswtf/touge-drift-racing.html]
[sites.google.com/site/unblockedgameswtf/tower-defense.html]
[sites.google.com/site/unblockedgameswtf/traffic-run.html]
[sites.google.com/site/unblockedgameswtf/trump-wheelie.html]
[sites.google.com/site/unblockedgameswtf/tube-jumpers.html]
[sites.google.com/site/unblockedgameswtf/tunnel-rush.html]
[sites.google.com/site/unblockedgameswtf/two-ball-3d.html]
[sites.google.com/site/unblockedgameswtf/two-tubes-3d.html]
[sites.google.com/site/unblockedgameswtf/two-tunnel-3d.html]
[sites.google.com/site/unblockedgameswtf/ultimate-knockout-race.html]
[sites.google.com/site/unblockedgameswtf/underneath.html]
[sites.google.com/site/unblockedgameswtf/uno.128.delayed]
[sites.google.com/site/unblockedgameswtf/vehicle-wars-2020.129.delayed]
[sites.google.com/site/unblockedgameswtf/vex-4.12a.delayed]
[sites.google.com/site/unblockedgameswtf/vex-5.12b.delayed]
[sites.google.com/site/unblockedgameswtf/vex-5-unblocked.12c.delayed]
[sites.google.com/site/unblockedgameswtf/wavy-trip.12d.delayed]
[sites.google.com/site/unblockedgameswtf/we-become-what-we-behold.12e.delayed]
[sites.google.com/site/unblockedgameswtf/whack-your-boss.html]
[sites.google.com/site/unblockedgameswtf/wheelie-bike.html]
[sites.google.com/site/unblockedgameswtf/worms-zone.html]
[sites.google.com/site/unblockedgameswtf/xtreme-good-guys-vs-bad.html]
[sites.google.com/site/unblockedgameswtf/yandere-simulator.html]
[sites.google.com/site/unblockedgameswtf/Zombocalypse-2.html]
[sites.google.com/site/unblockedgameswtf/zomcraft.html]
[sites.google.com/site/unblockedgameswtf/system/app/pages/sitemap/hierarchy.html]
[sites.google.com/site/unblockedgameswtf/system/app/pages/reportAbuse.html]
[ssl.gstatic.com/sites/p/8877e9/system/js/jot_min_view__en.js]
[sites.google.com/site/unblockedgameswtf/_/tz.139.delayed]
[sites.google.com/site/unblockedgameswtf/among-us-unblocked.html]
[ssl.gstatic.com/sites/p/8877e9/system/app/css/codemirror_css.css]
[ssl.gstatic.com/editor/bubble2_tr.gif]
[ssl.gstatic.com/sites/p/8877e9/system/app/css/trogedit.css]
[sites.google.com/site/unblockedgameswtf/_/rsrc/1636010425000/system/app/images/toolbar-check.gif]
[sites.google.com/site/unblockedgameswtf/_/rsrc/1636010425000/system/app/images/icon-help-kennedy.png]
[sites.google.com/site/sites/system/app/images/icon_plusone.13d.delayed]
[accounts.google.com/ServiceLoginc521.html]
[sites.google.com/site/sites/system/app/images/plusbadge.13f.delayed]
[accounts.google.com/ServiceLogin263a.html]
[ssl.gstatic.com/images/icons/gplus-64.png]
[ssl.gstatic.com/images/icons/gplus-32.png]
[ssl.gstatic.com/images/icons/gplus-16.png]
[sites.google.com/site/unblockedgameswtf/_/rsrc/1636010425000/system/app/css/editor.css]
[ssl.gstatic.com/sites/p/8877e9/system/app/css/codeeditor.css]
[ssl.gstatic.com/ui/v1/menu/checkmark-partial.png]
[ssl.gstatic.com/sites/p/8877e9/system/app/themes/opensky/standard-css-opensky-ltr-ltr.css]
[sites.google.com/site/unblockedgameswtf/_/rsrc/1636010425000/system/app/css/overlay2b25.css]
[sites.google.com/site/unblockedgameswtf/_/rsrc/1636010425000/system/app/images/camelot.png]
[sites.google.com/site/unblockedgameswtf/_/rsrc/1636010425000/system/app/css/camelot/allthemes-view.css]
[sites.google.com/site/unblockedgameswtf/index.html]
[sites.google.com/site/unblockedgameswtf/home.html]
[sites.google.com/site/unblockedgameswtf/12-minibattles.html]
[sites.google.com/site/unblockedgameswtf/_https_/google-opensocial.googleusercontent.com/gadgets/ifr.14bebf0.delayed]
[sites.google.com/site/unblockedgameswtf/1v1-lol.html]
[sites.google.com/site/unblockedgameswtf/2048.html]
[sites.google.com/site/unblockedgameswtf/_https_/sites.google.com/site/basketballstars2020/style/main.14f.delayed]
[sites.google.com/site/unblockedgameswtf/_https_/sites.google.com/site/basketballstars2020/js/bind_polyfill.js___/script__.150.delayed]
[sites.google.com/site/unblockedgameswtf/_https_/sites.google.com/site/basketballstars2020/js/classlist_polyfill.js___/script__.151.delayed]
[sites.google.com/site/unblockedgameswtf/_https_/sites.google.com/site/basketballstars2020/js/animframe_polyfill.js___/script__.152.delayed]
[sites.google.com/site/unblockedgameswtf/_https_/sites.google.com/site/basketballstars2020/js/keyboard_input_manager.js___/script__.153.delayed]
[sites.google.com/site/unblockedgameswtf/_https_/sites.google.com/site/basketballstars2020/js/html_actuator.js___/script__.154.delayed]
[sites.google.com/site/unblockedgameswtf/_https_/sites.google.com/site/basketballstars2020/js/grid.js___/script__.155.delayed]
[sites.google.com/site/unblockedgameswtf/_https_/sites.google.com/site/basketballstars2020/js/tile.js___/script__.156.delayed]
[sites.google.com/site/unblockedgameswtf/_https_/sites.google.com/site/basketballstars2020/js/local_storage_manager.js___/script__.157.delayed]
[sites.google.com/site/unblockedgameswtf/_https_/sites.google.com/site/basketballstars2020/js/game_manager.js___/script__.158.delayed]
[sites.google.com/site/unblockedgameswtf/_https_/sites.google.com/site/basketballstars2020/js/application.js___/script___/body___/html__.159.delayed]
[sites.google.com/site/unblockedgameswtf/2048-cupcakes.html]
[sites.google.com/site/unblockedgameswtf/_https_/sites.google.com/site/s030r8h4/style.15b.delayed]
[www.gstatic.com/android/market_images/web/play_prism_hlock_2x.png]
[sites.google.com/site/unblockedgameswtf/2048-multiplayer.html]
[sites.google.com/site/unblockedgameswtf/2048-shoot.html]
[sites.google.com/site/24gv465dc54/jquery-latest.min.15f.delayed]
[sites.google.com/site/24gv465dc54/jquery-latest.min.1606fb5.delayed]
[5c1c7ba9-a-62cb3a1a-s-sites.googlegroups.com/site/24gv465dc54/jquery-latest.min1a06.js]
[sites.google.com/site/24gv465dc54/etc.162.delayed]
[sites.google.com/site/24gv465dc54/etc.1636fb5.delayed]
[5c1c7ba9-a-62cb3a1a-s-sites.googlegroups.com/site/24gv465dc54/etc3ae9.js]
[sites.google.com/site/unblockedgameswtf/_https_/sites.google.com/site/24gv465dc54/circle-game.js___/script___script.165.delayed]
[sites.google.com/site/unblockedgameswtf/agariolite.html]
[sites.google.com/site/unblockedgameswtf/_https_/sites.google.com/site/111q33444q/templatedata/style.167.delayed]
[sites.google.com/site/unblockedgameswtf/_https_/sites.google.com/site/111q33444q/templatedata/UnityProgress.js___/script__.168.delayed]
[sites.google.com/site/unblockedgameswtf/_https_/sites.google.com/site/gg78kljln/UnityLoaderahoy.js___/script__.169.delayed]
[sites.google.com/site/unblockedgameswtf/ahoy-survival.html]
[sites.google.com/site/unblockedgameswtf/_appmanifest.16b.delayed]
[sites.google.com/site/unblockedgameswtf/_https_/cdn.jsdelivr.net/gh/r3tq6l1/to9d2if1dv@4bcda33ce9990bf8caad6753325b7306e4913997/4h8sk3g/style.16c.delayed]
[sites.google.com/site/unblockedgameswtf/_https_/cdn.jsdelivr.net/gh/r3tq6l1/to9d2if1dv@4bcda33ce9990bf8caad6753325b7306e491/4h8sk3g/scripts/suppo/script__.16d.delaye]
[sites.google.com/site/unblockedgameswtf/_https_/cdn.jsdelivr.net/gh/r3tq6l1/to9d2if1dv@4bcda33ce9990bf8caad6753325b7306e491/4h8sk3g/scripts/offlineclient.16e.delayed]
[sites.google.com/site/unblockedgameswtf/_https_/cdn.jsdelivr.net/gh/r3tq6l1/to9d2if1dv@4bcda33ce9990bf8caad6753325b7306e4913997/4h8sk3g/scripts/main.16f.delayed]
[sites.google.com/site/unblockedgameswtf/_https_/cdn.jsdelivr.net/gh/r3tq6l1/to9d2if1dv@4bcda33ce9990bf8caad6753325b7306e491/4h8sk3g/scripts/register-sw.170.delayed]
[sites.google.com/site/unblockedgameswtf/among-us.html]
[sites.google.com/site/unblockedgameswtf/_https_/sites.google.com/site/unitystylecss/style.172.delayed]
[sites.google.com/site/unblockedgameswtf/_https_/sites.google.com/site/unitystylecss/UnityProgress.js___/script__.173.delayed]
[sites.google.com/site/unblockedgameswtf/_https_/sites.google.com/site/s008yi3d/angry-birds.js___/script___.174.delayed]
[sites.google.com/site/unblockedgameswtf/angry-birds.html]
[sites.google.com/site/unblockedgameswtf/apple-shooter.html]
[sites.google.com/site/unblockedgameswtf/backflip-maniac.html]
[sites.google.com/site/unblockedgameswtf/_appmanifest.179.delayed]
[sites.google.com/site/unblockedgameswtf/_http_/www.whatbrowser.17a.delayed]
[sites.google.com/site/unblockedgameswtf/_http_/www.microsoft.com/windows/internet-explorer/default.17b.delayed]
[sites.google.com/site/unblockedgameswtf/_http_/www.mozilla.com/firefox/__Mozilla.17c.delayed]
[sites.google.com/site/unblockedgameswtf/_http_/www.google.com/chrome/__Google.17d.delayed]
[sites.google.com/site/unblockedgameswtf/_http_/www.apple.com/safari/download/__Apple.17e.delayed]
[sites.google.com/site/unblockedgameswtf/bad-time-simulator.html]
[sites.google.com/site/unblockedgameswtf/baldi-basics.html]
[sites.google.com/site/unblockedgameswtf/ball-blast.html]
[sites.google.com/site/unblockedgameswtf/_https_/www-sites-opensocial.googleusercontent.com/gadgets/proxy/refresh=3600&container=enterprise/https/script___.180.delaye]
[sites.google.com/site/unblockedgameswtf/ball-mayhem.html]
[sites.google.com/site/unblockedgameswtf/banana-bread-demo.html]
[sites.google.com/site/unblockedgameswtf/_https_/www-sites-opensocial.googleusercontent.com/gadgets/proxy/refresh=3600&container=enterprise/http/script____.17f.delaye]
[sites.google.com/site/unblockedgameswtf/_https_/www-sites-opensocial.googleusercontent.com/gadgets/proxy/refresh=3600&container=enterprise/http/script____.183.delaye]
[sites.google.com/site/unblockedgameswtf/_https_/www-sites-opensocial.googleusercontent.com/gadgets/proxy/refresh=3600&container=enterprise/https/script___.184.delaye]
[sites.google.com/site/unblockedgameswtf/_https_/sites.google.com/site/fdg5ewgawe4/bankinbacon-html5.js___/script__.188.delayed]
[sites.google.com/site/unblockedgameswtf/bankin-bacon.html]
[sites.google.com/site/unblockedgameswtf/barry-has-a-secret.html]
[sites.google.com/site/unblockedgameswtf/_appmanifest.18b.delayed]
[sites.google.com/site/unblockedgameswtf/_https_/www-sites-opensocial.googleusercontent.com/gadgets/proxy/container=enterprise/https_/sites.google/icon-128.18c.delaye]
[sites.google.com/site/unblockedgameswtf/_https_/www-sites-opensocial.googleusercontent.com/gadgets/proxy/container=enterprise/https_/sites.google/icon-512.18e.delaye]
[sites.google.com/site/unblockedgameswtf/_https_/www-sites-opensocial.googleusercontent.com/gadgets/proxy/container=enterprise/https_/sites.google/icon-256.18d.delaye]
[sites.google.com/site/unblockedgameswtf/_https_/www.construct.net/en__Build.192.delayed]
[sites.google.com/site/unblockedgameswtf/basket-slam-dunk-2.html]
[sites.google.com/site/unblockedgameswtf/_https_/www-sites-opensocial.googleusercontent.com/gadgets/proxy/container=enterprise/https_/sites.google/icon-512.18f.delaye]
[sites.google.com/site/unblockedgameswtf/_https_/www-sites-opensocial.googleusercontent.com/gadgets/proxy/container=enterprise/https_/sites.google.co/style.190.delaye]
[sites.google.com/site/unblockedgameswtf/_https_/www-sites-opensocial.googleusercontent.com/gadgets/proxy/container=enterprise/https_/sites.google/script__.191.delaye]
[sites.google.com/site/unblockedgameswtf/basketball-legends.html]
[sites.google.com/site/unblockedgameswtf/_https_/www-sites-opensocial.googleusercontent.com/gadgets/proxy/container=enterprise/https_/sites.google/script__.193.delaye]
[sites.google.com/site/unblockedgameswtf/basketball-legends-2020.html]
[sites.google.com/site/unblockedgameswtf/_https_/www-sites-opensocial.googleusercontent.com/gadgets/proxy/container=enterprise/https_/sites.google/script__.194.delaye]
[sites.google.com/site/unblockedgameswtf/_https_/www-sites-opensocial.googleusercontent.com/gadgets/proxy/container=enterprise/https_/sites.google/script__.195.delaye]
[sites.google.com/site/unblockedgameswtf/_https_/www-sites-opensocial.googleusercontent.com/gadgets/proxy/container=enterprise/https_/sites.google.c/html__.196.delaye]
[sites.google.com/site/unblockedgameswtf/basketball-physics.html]
[sites.google.com/site/unblockedgameswtf/basketball-shooter.html]
[sites.google.com/site/unblockedgameswtf/basketball-stars.html]
[sites.google.com/site/unblockedgameswtf/basketball-io.html]
[sites.google.com/site/unblockedgameswtf/big-tower-tiny-square.html]
[sites.google.com/site/unblockedgameswtf/biters-io.html]
[sites.google.com/site/unblockedgameswtf/blocky-gun-paintball.html]
[sites.google.com/site/unblockedgameswtf/_https_/sites.google.com/site/fdg5ewgawe4/BlockySnakes.js___/script___.1a5.delayed]
[sites.google.com/site/unblockedgameswtf/blocky-snakes.html]
[sites.google.com/site/unblockedgameswtf/_https_/sites.google.com/site/fdg5ewgawe4/blood_tournament.js___/script__.1a8.delayed]
[sites.google.com/site/unblockedgameswtf/blood-tournament.html]
[sites.google.com/site/unblockedgameswtf/bob-the-robber-5.html]
[sites.google.com/site/unblockedgameswtf/bottle-flip.html]
[sites.google.com/site/unblockedgameswtf/bouncy-dudes-io.html]
[sites.google.com/site/unblockedgameswtf/_https_/sites.google.com/site/11fgvs2345/style.1af.delayed]
[sites.google.com/site/unblockedgameswtf/_https_/sites.google.com/site/11fgvs2345/UnityProgress.js___/script__.1b0.delayed]
[sites.google.com/site/unblockedgameswtf/_https_/sites.google.com/site/5435fgsew451/Bouncy-Rush.js___/script___.1b1.delayed]
[sites.google.com/site/unblockedgameswtf/bouncy-rush.html]
[sites.google.com/site/unblockedgameswtf/bowman.html]
[sites.google.com/site/unblockedgameswtf/bowman-2.html]
[sites.google.com/site/unblockedgameswtf/brawl-stars.html]
[sites.google.com/site/unblockedgameswtf/brawl-stars-project-laser.html]
[sites.google.com/site/unblockedgameswtf/build-and-crush.html]
[sites.google.com/site/unblockedgameswtf/bullet-party-2.html]
[sites.google.com/site/unblockedgameswtf/burrito-bison-launcha-libre.html]
[sites.google.com/site/unblockedgameswtf/call-of-ops-2.html]
[sites.google.com/site/unblockedgameswtf/_https_/www-sites-opensocial.googleusercontent.com/gadgets/proxy/refresh=600&container=enterprise/https_/7e/bowman.1b3.delaye]
[sites.google.com/site/unblockedgameswtf/_https_/www-sites-opensocial.googleusercontent.com/gadgets/proxy/refresh=600&container=enterprise/https_/7/bowman2.1b6.delaye]
[sites.google.com/site/unblockedgameswtf/_https_/www-sites-opensocial.googleusercontent.com/gadgets/proxy/refresh=600&container=enterprise/https_//script__.1b4.delaye]
[sites.google.com/site/unblockedgameswtf/_https_/sites.google.com/site/11fgvs2345/style.1c0.delayed]
[sites.google.com/site/unblockedgameswtf/_https_/sites.google.com/site/bghf4565f/UnityLoader.js___/script___.1c1.delayed]
[sites.google.com/site/unblockedgameswtf/car-drawing.html]
[sites.google.com/site/unblockedgameswtf/car-eats-car-evil-cats.html]
[sites.google.com/site/unblockedgameswtf/castel-wars.html]
[sites.google.com/site/unblockedgameswtf/_https_/images-docs-opensocial.googleusercontent.com/gadgets/proxy.1c6ae72.delayed]
[sites.google.com/site/unblockedgameswtf/chainsaw-dance.html]
[sites.google.com/site/unblockedgameswtf/_https_/sites.google.com/site/24gv465dc54/style.1c8.delayed]
[sites.google.com/site/unblockedgameswtf/_https_/sites.google.com/site/24gv465dc54/UnityProgress.js___/script__.1c9.delayed]
[sites.google.com/site/unblockedgameswtf/_https_/sites.google.com/site/5435fgsew451/unityloader42.js___/script__.1ca.delayed]
[sites.google.com/site/unblockedgameswtf/cleanup-io.html]
[sites.google.com/site/unblockedgameswtf/climbing-over-it.html]
[sites.google.com/site/unblockedgameswtf/combat-cubic-arena.html]
[sites.google.com/site/unblockedgameswtf/cookie-clicker.html]
[sites.google.com/site/unblockedgameswtf/cooking-frenzy.html]
[sites.google.com/site/unblockedgameswtf/copter-vs-tank-ez.html]
[sites.google.com/site/unblockedgameswtf/counter-strike.html]
[sites.google.com/site/unblockedgameswtf/craftmine.html]
[sites.google.com/site/unblockedgameswtf/cross-that-road.html]
[sites.google.com/site/unblockedgameswtf/_https_/www-ig-opensocial.googleusercontent.com/gadgets/proxy/refresh=360&container=focus/https_/sites.go/script__.1d9.delaye]
[sites.google.com/site/unblockedgameswtf/_https_/www-ig-opensocial.googleusercontent.com/gadgets/proxy/refresh=360&container=focus/https_/site/rotate_screen.1d8.delay]
[sites.google.com/site/unblockedgameswtf/_https_/www-ig-opensocial.googleusercontent.com/gadgets/proxy/refresh=360&container=focus/https_/sites.g/normalize.1d6.delaye]
[sites.google.com/site/unblockedgameswtf/_https_/www-ig-opensocial.googleusercontent.com/gadgets/proxy/refresh=360&container=focus/https_/sites.googl/game1.1d7.delaye]
[sites.google.com/site/unblockedgameswtf/crossy-road.html]
[sites.google.com/site/unblockedgameswtf/_https_/fonts.googleapis.com/css.1dd0132.delayed]
[sites.google.com/site/unblockedgameswtf/_https_/sites.google.com/site/csgocaseclickerunblocked/css/font-awesome.min.1de.delayed]
[sites.google.com/site/unblockedgameswtf/_https_/sites.google.com/site/csgocaseclickerunblocked/css/style-sheet.1df.delayed]
[sites.google.com/site/unblockedgameswtf/_https_/ajax.googleapis.com/ajax/libs/jquery/2.2.0/jquery.min.js___/script__.1e0.delayed]
[sites.google.com/site/unblockedgameswtf/_https_/sites.google.com/site/csgocaseclickerunblocked/css/forrace_gener_css.1e1.delayed]
[sites.google.com/site/unblockedgameswtf/_https_/sites.google.com/site/csgocaseclickerunblocked/sounds/start-game.1e2.delayed]
[sites.google.com/site/unblockedgameswtf/_https_/sites.google.com/site/csgocaseclickerunblocked/images/DerV5hu.1e3.delayed]
[sites.google.com/site/unblockedgameswtf/_https_/sites.google.com/site/csgocaseclickerunblocked/images/jHVbUvE.1e4.delayed]
[sites.google.com/site/unblockedgameswtf/_https_/sites.google.com/site/csgocaseclickerunblocked/images/SwyIqRg.1e5.delayed]
[sites.google.com/site/unblockedgameswtf/_https_/sites.google.com/site/csgocaseclickerunblocked/images/tViMF8c.1e6.delayed]
[sites.google.com/site/unblockedgameswtf/_https_/sites.google.com/site/csgocaseclickerunblocked/sounds/new-item.1e7.delayed]
[sites.google.com/site/unblockedgameswtf/_https_/sites.google.com/site/csgocaseclickerunblocked/sounds/win-pot.1e8.delayed]
[sites.google.com/site/unblockedgameswtf/_https_/sites.google.com/site/csgocaseclickerunblocked/sounds/click.1e9.delayed]
[sites.google.com/site/unblockedgameswtf/_https_/sites.google.com/site/csgocaseclickerunblocked/sounds/menuclick.1ea.delayed]
[sites.google.com/site/unblockedgameswtf/_https_/sites.google.com/site/csgocaseclickerunblocked/sounds/itemreveal.1eb.delayed]
[sites.google.com/site/unblockedgameswtf/_https_/sites.google.com/site/csgocaseclickerunblocked/images/BzuCWzL.1ec.delayed]
[sites.google.com/site/unblockedgameswtf/____.1ed.delayed]
[sites.google.com/site/unblockedgameswtf/_https_/sites.google.com/site/csgocaseclickerunblocked/images/240fx182f.1ee.delayed]
[sites.google.com/site/unblockedgameswtf/_https_/sites.google.com/site/csgocaseclickerunblocked/images/360fx360f___.1ef.delayed]
[sites.google.com/site/unblockedgameswtf/csgo-case-clicker.html]
[sites.google.com/site/unblockedgameswtf/_https_/sites.google.com/site/ghd54wfgsa4/style.1f2.delayed]
[sites.google.com/site/unblockedgameswtf/_https_/www-sites-opensocial.googleusercontent.com/gadgets/proxy/refresh=3600&container=enterprise/https_//scripts.1f0.delaye]
[sites.google.com/site/unblockedgameswtf/_https_/sites.google.com/site/ghd54wfgsa4/UnityProgress.js___/script__.1f3.delayed]
[sites.google.com/site/unblockedgameswtf/_https_/sites.google.com/site/13413fbtry/unityloaderdr3d.js___/script__.1f4.delayed]
[sites.google.com/site/unblockedgameswtf/death-run-3d.html]
[sites.google.com/site/unblockedgameswtf/desert-shooter.html]
[sites.google.com/site/unblockedgameswtf/_/en/___.1f8.delayed]
[sites.google.com/site/unblockedgameswtf/_https_/www-sites-opensocial.googleusercontent.com/gadgets/proxy/refresh=3600&container=enterprise/https_/sit/main.1f7.delaye]
[sites.google.com/site/unblockedgameswtf/_/uk/___.1f9.delayed]
[sites.google.com/site/unblockedgameswtf/_/be/____/head___body.1fa.delayed]
[sites.google.com/site/unblockedgameswtf/dinosaur-t-rex-runner.html]
[sites.google.com/site/unblockedgameswtf/dinosaurs-jurassic.html]
[sites.google.com/site/unblockedgameswtf/disc-us.html]
[sites.google.com/site/unblockedgameswtf/_https_/www-sites-opensocial.googleusercontent.com/gadgets/proxy/refresh=3600&container=enterprise/ht/offline-sprite-1x.1fb.d]
[sites.google.com/site/unblockedgameswtf/_https_/sites.google.com/site/11fgvs2345/doomz.js___/script__.201.delayed]
[sites.google.com/site/unblockedgameswtf/doomz-io.html]
[sites.google.com/site/unblockedgameswtf/_https_/www-sites-opensocial.googleusercontent.com/gadgets/proxy/refresh=3600&container=enterprise/ht/offline-sprite-2x.1fc.d]
[sites.google.com/site/unblockedgameswtf/_https_/www-sites-opensocial.googleusercontent.com/gadgets/proxy/refresh=3600&container=enterprise/ht/script___script__.1fd.d]
[sites.google.com/site/unblockedgameswtf/drag-racing-club.html]
[sites.google.com/site/unblockedgameswtf/drag-racing-rivals.html]
[sites.google.com/site/unblockedgameswtf/draw-climber.html]
[sites.google.com/site/unblockedgameswtf/drift-boss.html]
[sites.google.com/site/unblockedgameswtf/drift-car-simulator.html]
[sites.google.com/site/unblockedgameswtf/drift-hunters.html]
[sites.google.com/site/unblockedgameswtf/drunken-duel.html]
[sites.google.com/site/unblockedgameswtf/drunken-duel-2.html]
[sites.google.com/site/unblockedgameswtf/_https_/sites.google.com/site/unitystylecss/style.210.delayed]
[sites.google.com/site/unblockedgameswtf/_https_/sites.google.com/site/s016y7u/duck-life.js___/script___.211.delayed]
[sites.google.com/site/unblockedgameswtf/duck-life.html]
[sites.google.com/site/unblockedgameswtf/_https_/sites.google.com/site/s016y7u/duck-life-2.js___/script___.213.delayed]
[sites.google.com/site/unblockedgameswtf/duck-life-2.html]
[sites.google.com/site/unblockedgameswtf/_https_/sites.google.com/site/s016y7u/ducklife-3.js___/script___.215.delayed]
[sites.google.com/site/unblockedgameswtf/duck-life-3.html]
[sites.google.com/site/unblockedgameswtf/dumb-ways-to-die-3-world-tour.html]
[sites.google.com/site/unblockedgameswtf/_https_/www-sites-opensocial.googleusercontent.com/gadgets/proxy/refresh=3600&container=enterprise/https_/sit/face.218.delaye]
[sites.google.com/site/unblockedgameswtf/_http_/david.219.delayed]
[sites.google.com/site/unblockedgameswtf/_http_/dolphinclub.website/audio_.21a.delayed]
[sites.google.com/site/unblockedgameswtf/elastic-man.html]
[sites.google.com/site/unblockedgameswtf/endless-tunnel.html]
[sites.google.com/site/unblockedgameswtf/epic-basketball.html]
[sites.google.com/site/unblockedgameswtf/_https_/www-sites-opensocial.googleusercontent.com/gadgets/proxy/refresh=3600&container=enterprise/https_/s/html__.21b.delaye]
[sites.google.com/site/unblockedgameswtf/escape-masters.html]
[sites.google.com/site/unblockedgameswtf/fall-ball.html]
[sites.google.com/site/unblockedgameswtf/fall-beans.html]
[sites.google.com/site/unblockedgameswtf/fall-boys.html]
[sites.google.com/site/unblockedgameswtf/fall-guys.html]
[sites.google.com/site/unblockedgameswtf/fancy-pants-adventures.html]
[sites.google.com/site/unblockedgameswtf/_https_/www-sites-opensocial.googleusercontent.com/gadgets/proxy/refresh=600&container=enterprise/htt/script___embed.228.dela]
[sites.google.com/site/unblockedgameswtf/_https_/sites.google.com/site/fdg5ewgawe4/fire-ball.js___/script__.22b.delayed]
[sites.google.com/site/unblockedgameswtf/fire-balls-3d.html]
[sites.google.com/site/unblockedgameswtf/_https_/www-sites-opensocial.googleusercontent.com/gadgets/proxy/refresh=600&container=enterprise/htt/_fancy-pants-adventur-3]
[sites.google.com/site/unblockedgameswtf/fireboy-and-watergirl-2-the-light-temple.html]
[sites.google.com/site/unblockedgameswtf/fireboy-and-watergirl-3-in-the-ice-temple.html]
[sites.google.com/site/unblockedgameswtf/fit-in-the-wall.html]
[sites.google.com/site/unblockedgameswtf/flappy-bird.html]
[sites.google.com/site/unblockedgameswtf/_https_/sites.google.com/site/s014b3c/FlappyBird2.js___/script___.234.delayed]
[sites.google.com/site/unblockedgameswtf/flappy-bird-2.html]
[sites.google.com/site/unblockedgameswtf/fnaf-final-purgatory.html]
[sites.google.com/site/unblockedgameswtf/fortnite.html]
[sites.google.com/site/unblockedgameswtf/fortnite-building.html]
[sites.google.com/site/unblockedgameswtf/free-rally-2.html]
[sites.google.com/site/unblockedgameswtf/friday-night-funkin.html]
[sites.google.com/site/unblockedgameswtf/friday-night-funkin-b-side-mod.html]
[sites.google.com/site/unblockedgameswtf/friday-night-funkin-cg5-edition-mod.html]
[sites.google.com/site/unblockedgameswtf/friday-night-funkin-hatsune-miku-mod.html]
[sites.google.com/site/unblockedgameswtf/friday-night-funkin-neo-mod.html]
[sites.google.com/site/unblockedgameswtf/friday-night-funkin-sarvente-s-mid-fight-masses-mod.html]
[sites.google.com/site/unblockedgameswtf/friday-night-funkin-tankman.html]
[sites.google.com/site/unblockedgameswtf/friday-night-funkin-tricky-mod.html]
[sites.google.com/site/unblockedgameswtf/friday-night-funkin-ugh-mod.html]
[sites.google.com/site/unblockedgameswtf/friday-night-funkin-vs-agoti-mod.html]
[sites.google.com/site/unblockedgameswtf/friday-night-funkin-vs-carol-v2.html]
[sites.google.com/site/unblockedgameswtf/friday-night-funkin-vs-hex-mod.html]
[sites.google.com/site/unblockedgameswtf/friday-night-funkin-vs-matt-mod.html]
[sites.google.com/site/unblockedgameswtf/friday-night-funkin-vs-sky-mod.html]
[sites.google.com/site/unblockedgameswtf/friday-night-funkin-vs-zardy-mod.html]
[sites.google.com/site/unblockedgameswtf/friday-night-funkin-week-2.html]
[sites.google.com/site/unblockedgameswtf/friday-night-funkin-week-6.html]
[sites.google.com/site/unblockedgameswtf/friday-night-funkin-week-7.html]
[sites.google.com/site/unblockedgameswtf/friday-night-funkin-whitty-mod.html]
[sites.google.com/site/unblockedgameswtf/friday-night-funkin-x-event.html]
[sites.google.com/site/unblockedgameswtf/gacha-club.html]
[sites.google.com/site/unblockedgameswtf/gacha-life.html]
[sites.google.com/site/unblockedgameswtf/gangsters.html]
[sites.google.com/site/unblockedgameswtf/geometrical-dash.html]
[sites.google.com/site/unblockedgameswtf/geometry-dash-classic.html]
[sites.google.com/site/unblockedgameswtf/geometry-dash-finally.html]
[sites.google.com/site/unblockedgameswtf/geometry-dash-jump.html]
[sites.google.com/site/unblockedgameswtf/_icons/icon-128.260.delayed]
[sites.google.com/site/unblockedgameswtf/_icons/icon-256.261.delayed]
[sites.google.com/site/unblockedgameswtf/_icons/icon-256.262.delayed]
[sites.google.com/site/unblockedgameswtf/geometry-dash-nemesis.html]
[sites.google.com/site/unblockedgameswtf/_https_/www-sites-opensocial.googleusercontent.com/gadgets/proxy/refresh=3600&container=enterprise/ht/head___body___div.263.d]
[sites.google.com/site/unblockedgameswtf/_https_/www-sites-opensocial.googleusercontent.com/gadgets/proxy/refresh=3600&container=enterprise/https_/script__.264.delaye]
[sites.google.com/site/unblockedgameswtf/_https_/www-sites-opensocial.googleusercontent.com/gadgets/proxy/refresh=3600&container=enterprise/https_/script__.266.delaye]
[sites.google.com/site/unblockedgameswtf/_https_/www-sites-opensocial.googleusercontent.com/gadgets/proxy/refresh=3600&container=enterprise/https_/script__.265.delaye]
[sites.google.com/site/unblockedgameswtf/geometry-jump.html]
[sites.google.com/site/unblockedgameswtf/_https_/www-sites-opensocial.googleusercontent.com/gadgets/proxy/refresh=3600&container=enterprise/https_/s/html__.267.delaye]
[sites.google.com/site/unblockedgameswtf/get-on-top.html]
[sites.google.com/site/unblockedgameswtf/_https_/sites.google.com/site/13413fbtry/unityloader68.js___/script__.26d.delayed]
[sites.google.com/site/unblockedgameswtf/getaway-shootout.html]
[sites.google.com/site/unblockedgameswtf/go-up-dash.html]
[sites.google.com/site/unblockedgameswtf/gold-miner.html]
[sites.google.com/site/unblockedgameswtf/_https_/www.google.com/intl/en/ads/_.273.delayed]
[sites.google.com/site/unblockedgameswtf/_https_/www.google.com/services/_.274.delayed]
[sites.google.com/site/unblockedgameswtf/_https_/www.google.com/intl/en/policies/_.275.delayed]
[sites.google.com/site/unblockedgameswtf/_https_/plus.google.com/116899029375914044550_.276.delayed]
[sites.google.com/site/unblockedgameswtf/_https_/www.google.com/intl/en/about.277.delayed]
[sites.google.com/site/unblockedgameswtf/_https_/www.google.com/uds/api.278b837.delayed]
[sites.google.com/site/unblockedgameswtf/_'.279.delayed]
[sites.google.com/site/unblockedgameswtf/google-gravity.html]
[sites.google.com/site/unblockedgameswtf/google-maps-snake.html]
[sites.google.com/site/unblockedgameswtf/grand-action-simulator.html]
[sites.google.com/site/unblockedgameswtf/granny.html]
[sites.google.com/site/unblockedgameswtf/grindcraft-remastered.html]
[sites.google.com/site/unblockedgameswtf/gun-mayhem-2.html]
[sites.google.com/site/unblockedgameswtf/gun-mayhem-ez.html]
[sites.google.com/site/unblockedgameswtf/_https_/www-sites-opensocial.googleusercontent.com/gadgets/proxy/refresh=3600&container=enterprise/https_/script__.285.delaye]
[sites.google.com/site/unblockedgameswtf/_https_/www-sites-opensocial.googleusercontent.com/gadgets/proxy/refresh=3600&container=enterprise/ht/head___body___div.284.d]
[sites.google.com/site/unblockedgameswtf/_https_/www-sites-opensocial.googleusercontent.com/gadgets/proxy/refresh=600&container=enterprise/https/GunMayhem2.281.delaye]
[sites.google.com/site/unblockedgameswtf/_https_/www.construct.net/en__game.286.delayed]
[sites.google.com/site/unblockedgameswtf/gun-night.html]
[sites.google.com/site/unblockedgameswtf/_https_/www-sites-opensocial.googleusercontent.com/gadgets/proxy/refresh=3600&container=enterprise/https_/script__.289.delaye]
[sites.google.com/site/unblockedgameswtf/_https_/www-sites-opensocial.googleusercontent.com/gadgets/proxy/refresh=3600&container=enterprise/https_/s/html__.28a.delaye]
[sites.google.com/site/unblockedgameswtf/_https_/www-sites-opensocial.googleusercontent.com/gadgets/proxy/refresh=3600&container=enterprise/https_/script__.288.delaye]
[sites.google.com/site/unblockedgameswtf/_https_/www-sites-opensocial.googleusercontent.com/gadgets/proxy/refresh=3600&container=enterprise/https_/script__.287.delaye]
[sites.google.com/site/unblockedgameswtf/gunblood.html]
[sites.google.com/site/unblockedgameswtf/gungame-shooting.html]
[sites.google.com/site/unblockedgameswtf/hangman.html]
[sites.google.com/site/unblockedgameswtf/happy-glass.html]
[sites.google.com/site/unblockedgameswtf/_https_/sites.google.com/site/gg78kljln/unityloader.js___/script__.293.delayed]
[sites.google.com/site/unblockedgameswtf/happy-wheels.html]
[sites.google.com/site/unblockedgameswtf/heads-mayhem.html]
[sites.google.com/site/unblockedgameswtf/_https_/sites.google.com/site/5435fgsew45/Helix-Ascend.js___/script__.296.delayed]
[sites.google.com/site/unblockedgameswtf/helix-ascend.html]
[sites.google.com/site/unblockedgameswtf/_https_/sites.google.com/site/5435fgsew45/HelixJump.js___/script__.298.delayed]
[sites.google.com/site/unblockedgameswtf/helix-jump.html]
[sites.google.com/site/unblockedgameswtf/hero-rescue.html]
[sites.google.com/site/unblockedgameswtf/hill-climb-racing.html]
[sites.google.com/site/unblockedgameswtf/_https_/sites.google.com/site/unitygamestest1/HitBoxing.js___/script__.29d.delayed]
[sites.google.com/site/unblockedgameswtf/hitboxing.html]
[sites.google.com/site/unblockedgameswtf/_https_/sites.google.com/site/fdg5ewgawe4/holeUnityLoader.js___/script__.29f.delayed]
[sites.google.com/site/unblockedgameswtf/hole-io.html]
[sites.google.com/site/unblockedgameswtf/horse-simulator-3d.html]
[sites.google.com/site/unblockedgameswtf/_https_/sites.google.com/site/s008yi3d/house-of-hazards.js___/script___.2a2.delayed]
[sites.google.com/site/unblockedgameswtf/house-of-hazards.html]
[sites.google.com/site/unblockedgameswtf/_https_/images-docs-opensocial.googleusercontent.com/gadgets/proxy.2a41710.delayed]
[sites.google.com/site/unblockedgameswtf/idle-breakout.html]
[sites.google.com/site/unblockedgameswtf/Idle-Emoji-Factory.html]
[sites.google.com/site/unblockedgameswtf/_https_/sites.google.com/site/fdg5ewgawe4/Impeached.js___/script__.2a8.delayed]
[sites.google.com/site/unblockedgameswtf/impeached.html]
[sites.google.com/site/unblockedgameswtf/janissary-battles.html]
[sites.google.com/site/unblockedgameswtf/_https_/sites.google.com/site/tests1mine/unityloader32.js___/script__.2ac.delayed]
[sites.google.com/site/unblockedgameswtf/javelin-fighting.html]
[sites.google.com/site/unblockedgameswtf/jelly-truck.html]
[sites.google.com/site/unblockedgameswtf/johnny-trigger.html]
[sites.google.com/site/unblockedgameswtf/jump-basket.html]
[sites.google.com/site/unblockedgameswtf/_https_/sites.google.com/site/5435fgsew45/UnityLoader.js___/script__.2b4.delayed]
[sites.google.com/site/unblockedgameswtf/jump-doper.html]
[sites.google.com/site/unblockedgameswtf/jumpy-rush.html]
[sites.google.com/site/unblockedgameswtf/just-build-2.html]
[sites.google.com/site/unblockedgameswtf/just-build.html]
[sites.google.com/site/unblockedgameswtf/just-fall-lol.html]
[sites.google.com/site/unblockedgameswtf/_https_/sites.google.com/site/2345asdffe55/UnityLoader.js___/script__.2ba.delayed]
[sites.google.com/site/unblockedgameswtf/just-flip.html]
[sites.google.com/site/unblockedgameswtf/justaim-lol.html]
[sites.google.com/site/unblockedgameswtf/_https_/sites.google.com/site/ghd54wfgsa4/keepdaflo.js___/script__.2bd.delayed]
[sites.google.com/site/unblockedgameswtf/keep-da-flo.html]
[sites.google.com/site/unblockedgameswtf/_https_/sites.google.com/site/slopefolder/style.2bf.delayed]
[sites.google.com/site/unblockedgameswtf/_https_/sites.google.com/site/slopefolder/UnityProgress.js___/script_.2c0.delayed]
[sites.google.com/site/unblockedgameswtf/_https_/sites.google.com/site/gg78kljln/LampHead.js___/script_.2c1.delayed]
[sites.google.com/site/unblockedgameswtf/lamphead.html]
[sites.google.com/site/unblockedgameswtf/_https_/sites.google.com/site/gg78kljln/UnityLoaderlastwood.js___/script__.2c3.delayed]
[sites.google.com/site/unblockedgameswtf/last-wood.html]
[sites.google.com/site/unblockedgameswtf/leader-strike.html]
[sites.google.com/site/unblockedgameswtf/learn-to-fly.html]
[sites.google.com/site/unblockedgameswtf/madalin-cars-multiplayer.html]
[sites.google.com/site/unblockedgameswtf/madalin-stunt-cars-2.html]
[sites.google.com/site/unblockedgameswtf/mine-brothers-the-magic-temple.html]
[sites.google.com/site/unblockedgameswtf/mine-clone.html]
[sites.google.com/site/unblockedgameswtf/minecraft-classic.html]
[sites.google.com/site/unblockedgameswtf/minecraft-remake.html]
[sites.google.com/site/unblockedgameswtf/minecraft-tower-defense.html]
[sites.google.com/site/unblockedgameswtf/_https_/images-docs-opensocial.googleusercontent.com/gadgets/proxy/refresh=3600&container=enterprise//script___object.2c6.del]
[sites.google.com/site/unblockedgameswtf/_https_/www-sites-opensocial.googleusercontent.com/gadgets/proxy/refresh=3600&container=enterprise/ht/learn-to-fly.2c7.delaye]
[sites.google.com/site/unblockedgameswtf/_https_/www-sites-opensocial.googleusercontent.com/gadgets/proxy/refresh=600&container=enterprise/htt/script___object.2d1.del]
[sites.google.com/site/unblockedgameswtf/_https_/www-sites-opensocial.googleusercontent.com/gadgets/proxy/refresh=600&container=enterprise/https_/minecraft.2d2.delaye]
[sites.google.com/site/unblockedgameswtf/minesweeper.html]
[sites.google.com/site/unblockedgameswtf/minicars-soccer.html]
[sites.google.com/site/unblockedgameswtf/miniroyale-io.html]
[sites.google.com/site/unblockedgameswtf/modern-blocky-paint.html]
[sites.google.com/site/unblockedgameswtf/moto-x3m.html]
[sites.google.com/site/unblockedgameswtf/moto-x3m-winter.html]
[sites.google.com/site/unblockedgameswtf/mr-bullet.html]
[sites.google.com/site/unblockedgameswtf/octocurse.html]
[sites.google.com/site/unblockedgameswtf/one-night-at-flumty-s.html]
[sites.google.com/site/unblockedgameswtf/pacman.html]
[sites.google.com/site/unblockedgameswtf/paint-io.html]
[sites.google.com/site/unblockedgameswtf/paintball-battle-fun.html]
[sites.google.com/site/unblockedgameswtf/papa-s-freezeria.html]
[sites.google.com/site/unblockedgameswtf/paper-minecraft.html]
[sites.google.com/site/unblockedgameswtf/_https_/www-sites-opensocial.googleusercontent.com/gadgets/proxy/refresh=600&container=enterprise/https_/s/script_.2e2.delaye]
[sites.google.com/site/unblockedgameswtf/_https_/www-sites-opensocial.googleusercontent.com/gadgets/proxy/refresh=600&container=enterprise/https_/8c/PacMan.2e3.delaye]
[sites.google.com/site/unblockedgameswtf/paper-io-2.html]
[sites.google.com/site/unblockedgameswtf/paper-io-3d.html]
[sites.google.com/site/unblockedgameswtf/pawn-killer.html]
[sites.google.com/site/unblockedgameswtf/_https_/www-sites-opensocial.googleusercontent.com/gadgets/proxy/refresh=600&container=enterprise/htt/papaspizzeria_v2.2e8.de]
[sites.google.com/site/unblockedgameswtf/_https_/sites.google.com/site/fdg5ewgawe4/Penguinio.js___/script__.2ef.delayed]
[sites.google.com/site/unblockedgameswtf/penguin-io.html]
[sites.google.com/site/unblockedgameswtf/piano-tiles.html]
[sites.google.com/site/unblockedgameswtf/_https_/sites.google.com/site/111q33444q/templatedata/style.2f2.delayed]
[sites.google.com/site/unblockedgameswtf/_https_/sites.google.com/site/111q33444q/templatedata/UnityProgress.js___/script_.2f3.delayed]
[sites.google.com/site/unblockedgameswtf/_https_/sites.google.com/site/12345yreert6/Ping-Pong-Chaos.js___/script_.2f4.delayed]
[sites.google.com/site/unblockedgameswtf/ping-pong-chaos.html]
[sites.google.com/site/unblockedgameswtf/pixel-combat.html]
[sites.google.com/site/unblockedgameswtf/pixel-combat-2.html]
[sites.google.com/site/unblockedgameswtf/pixel-gun-apocalypse.html]
[sites.google.com/site/unblockedgameswtf/pixel-gun-apocalypse-2.html]
[sites.google.com/site/unblockedgameswtf/pixel-warfare.html]
[sites.google.com/site/unblockedgameswtf/pixel-world.html]
[sites.google.com/site/unblockedgameswtf/pizza-clicker.html]
[sites.google.com/site/unblockedgameswtf/plazma-burst.html]
[sites.google.com/site/unblockedgameswtf/pocket-league-3d.html]
[sites.google.com/site/unblockedgameswtf/police-pursuit-2.html]
[sites.google.com/site/unblockedgameswtf/poop-clicker.html]
[sites.google.com/site/unblockedgameswtf/pubg-pixel.html]
[sites.google.com/site/unblockedgameswtf/_https_/www-sites-opensocial.googleusercontent.com/gadgets/proxy/refresh=3600&container=enterprise/http/script____.305.delaye]
[sites.google.com/site/unblockedgameswtf/_https_/www-sites-opensocial.googleusercontent.com/gadgets/proxy/refresh=3600&container=enterprise/https/script___.306.delaye]
[sites.google.com/site/unblockedgameswtf/_https_/www-sites-opensocial.googleusercontent.com/gadgets/proxy/refresh=600&container=enterprise/http/plazmaburst.300.delaye]
[sites.google.com/site/unblockedgameswtf/pull-him-out.html]
[sites.google.com/site/unblockedgameswtf/_https_/images-docs-opensocial.googleusercontent.com/gadgets/proxy.30b954e.delayed]
[sites.google.com/site/unblockedgameswtf/_https_/images-docs-opensocial.googleusercontent.com/gadgets/proxy.30ce34f.delayed]
[sites.google.com/site/unblockedgameswtf/qwop.html]
[sites.google.com/site/unblockedgameswtf/racing-jump.html]
[sites.google.com/site/unblockedgameswtf/racing-rocket-2.html]
[sites.google.com/site/unblockedgameswtf/ragdoll-runners.html]
[sites.google.com/site/unblockedgameswtf/ragdoll-soccer.html]
[sites.google.com/site/unblockedgameswtf/ragdoll-io.html]
[sites.google.com/site/unblockedgameswtf/riddle-school.html]
[sites.google.com/site/unblockedgameswtf/rocket-league-2d.html]
[sites.google.com/site/unblockedgameswtf/rolling-ball.html]
[sites.google.com/site/unblockedgameswtf/rolling-sky.html]
[sites.google.com/site/unblockedgameswtf/rooftop-royale.html]
[sites.google.com/site/unblockedgameswtf/rooftop-shooter.html]
[sites.google.com/site/unblockedgameswtf/rooftop-snipers.html]
[sites.google.com/site/unblockedgameswtf/run-3.html]
[sites.google.com/site/unblockedgameswtf/russian-car-driver.html]
[sites.google.com/site/unblockedgameswtf/russian-car-driver-zil-130.html]
[sites.google.com/site/unblockedgameswtf/shark-attack.html]
[sites.google.com/site/unblockedgameswtf/shooter-2d.html]
[sites.google.com/site/unblockedgameswtf/short-life.html]
[sites.google.com/site/unblockedgameswtf/short-ride.html]
[sites.google.com/site/unblockedgameswtf/sick-nasty.html]
[sites.google.com/site/unblockedgameswtf/sketchpad-online.html]
[sites.google.com/site/unblockedgameswtf/sling-drift.html]
[sites.google.com/site/unblockedgameswtf/slope.html]
[sites.google.com/site/unblockedgameswtf/slope-2.html]
[sites.google.com/site/unblockedgameswtf/slope-ball.html]
[sites.google.com/site/unblockedgameswtf/slope-run.html]
[sites.google.com/site/unblockedgameswtf/slope-tunnel.html]
[sites.google.com/site/unblockedgameswtf/snowball-io.html]
[sites.google.com/site/unblockedgameswtf/soccer-physics.html]
[sites.google.com/site/unblockedgameswtf/solitaire.html]
[sites.google.com/site/unblockedgameswtf/sonic-revert.html]
[sites.google.com/site/unblockedgameswtf/sonic-the-hedgehog.html]
[sites.google.com/site/unblockedgameswtf/space-balls.html]
[sites.google.com/site/unblockedgameswtf/spacebar-counter.html]
[sites.google.com/site/unblockedgameswtf/sparkman-2.html]
[sites.google.com/site/unblockedgameswtf/spiders.html]
[sites.google.com/site/unblockedgameswtf/squadd-royale.html]
[sites.google.com/site/unblockedgameswtf/stick-duel.html]
[sites.google.com/site/unblockedgameswtf/stick-rpg.html]
[sites.google.com/site/unblockedgameswtf/stick-rpg-complete.html]
[sites.google.com/site/unblockedgameswtf/stickjet-challenge.html]
