[www.kodeclubs.com/index.html]
[backblue.gif]
[fade.gif]
[index.html]
[storage.googleapis.com/mm-kode.appspot.com/assets/20210104_120509/static/icons/apple-touch-icon-57x57.png]
[storage.googleapis.com/mm-kode.appspot.com/assets/20210104_120509/static/icons/apple-touch-icon-60x60.png]
[storage.googleapis.com/mm-kode.appspot.com/assets/20210104_120509/static/icons/apple-touch-icon-72x72.png]
[storage.googleapis.com/mm-kode.appspot.com/assets/20210104_120509/static/icons/apple-touch-icon-76x76.png]
[storage.googleapis.com/mm-kode.appspot.com/assets/20210104_120509/static/icons/apple-touch-icon-114x114.png]
[storage.googleapis.com/mm-kode.appspot.com/assets/20210104_120509/static/icons/apple-touch-icon-120x120.png]
[storage.googleapis.com/mm-kode.appspot.com/assets/20210104_120509/static/icons/apple-touch-icon-144x144.png]
[storage.googleapis.com/mm-kode.appspot.com/assets/20210104_120509/static/icons/apple-touch-icon-152x152.png]
[storage.googleapis.com/mm-kode.appspot.com/assets/20210104_120509/static/icons/apple-touch-icon-167x167.png]
[storage.googleapis.com/mm-kode.appspot.com/assets/20210104_120509/static/icons/apple-touch-icon-180x180.png]
[www.kodeclubs.com/favicon5e1f.ico]
[storage.googleapis.com/mm-kode.appspot.com/assets/20210104_120509/static/icons/favicon-16x16.png]
[storage.googleapis.com/mm-kode.appspot.com/assets/20210104_120509/static/icons/favicon-32x32.png]
[www.google-analytics.com/analytics.js]
[storage.googleapis.com/mm-kode.appspot.com/assets/20210104_120509/fonts/AntiqueOlive.woff2]
[storage.googleapis.com/mm-kode.appspot.com/assets/20210104_120509/static/app/map-menu.png]
[www.kodeclubs.com/dashboard.html]
[www.kodeclubs.com/about.html]
[www.kodeclubs.com/code.html]
[www.instagram.com/kodeclubs/index.html]
[storage.googleapis.com/mm-kode.appspot.com/assets/20210104_120509/static/app/Kode_Terms_and_Conditions.pdf]
[www.facebook.com/Kode-Sporting-Club-101063235137838/index.html]
[www.kodeclubs.com/overview.html]
[www.kodeclubs.com/club_house_image_1.html]
[www.kodeclubs.com/club_house_image_3.html]
[www.kodeclubs.com/basket_soccer_image_1.html]
[www.kodeclubs.com/soccer_rugby_image_1.html]
[www.kodeclubs.com/central_lawn_image_1.html]
[www.kodeclubs.com/central_lawn_image_2.html]
[www.kodeclubs.com/central_lawn_image_3.html]
[www.kodeclubs.com/running_cycling_image_3.html]
[www.kodeclubs.com/running_cycling_image_2.html]
[www.kodeclubs.com/running_cycling_image_1.html]
[www.kodeclubs.com/fitness_center_image_1.html]
[www.kodeclubs.com/fitness_center_image_2.html]
[www.kodeclubs.com/tennis_image_1.html]
[www.kodeclubs.com/tennis_image_2.html]
[www.kodeclubs.com/swimming_pool_image_1.html]
[www.kodeclubs.com/swimming_pool_image_2.html]
[www.kodeclubs.com/swimming_pool_image_3.html]
[storage.googleapis.com/mm-kode.appspot.com/assets/20210104_120509/js/runtime.bundle.js]
[www.kodeclubs.com/sports_center_image_1.html]
[storage.googleapis.com/mm-kode.appspot.com/assets/20210104_120509/js/App.bundle.js]
[storage.googleapis.com/mm-kode.appspot.com/assets/20210104_120509/js/Home.bundle.js]
[www.kodeclubs.com/index.html]
[storage.googleapis.com/mm-kode.appspot.com/assets/20210104_120509/css/Home.bundle.css]
[www.kodeclubs.com/dashboard.html]
[www.kodeclubs.com/about.html]
[www.kodeclubs.com/code.html]
[static.xx.fbcdn.net/rsrc.php/v3/y6/l/0,cross/2Ctqs680NzD1f8e.css]
[static.xx.fbcdn.net/rsrc.php/v3/yH/l/0,cross/AFc8nAqyCA91f8e.css]
[static.xx.fbcdn.net/rsrc.php/v3/yA/l/0,cross/cd3oQWgO1481f8e.css]
[static.xx.fbcdn.net/rsrc.php/v3/yy/l/0,cross/4Ez-FlWMKwA1f8e.css]
[static.xx.fbcdn.net/rsrc.php/v3/yR/l/0,cross/wm-iXJ1jJUA1f8e.css]
[static.xx.fbcdn.net/rsrc.php/v3/y9/l/0,cross/IU1j5tzcRYK1f8e.css]
[static.xx.fbcdn.net/rsrc.php/v3/y3/l/0,cross/fbWj5dcnmIq1f8e.css]
[www.facebook.com/Kode-Sporting-Club-101063235137838/index4964.html]
[static.xx.fbcdn.net/rsrc.php/v3/yE/l/0,cross/U01NV3GT49j1f8e.css]
[static.xx.fbcdn.net/rsrc.php/v3/yv/l/0,cross/jCUQh37GWSu1f8e.css]
[static.xx.fbcdn.net/rsrc.php/v3/yD/l/0,cross/-pF7XBeuTTa1f8e.css]
[static.xx.fbcdn.net/rsrc.php/v3/yK/l/0,cross/gcSz_7DpGAd1f8e.css]
[static.xx.fbcdn.net/rsrc.php/v3/yK/l/0,cross/nKKueaQHZTY1f8e.css]
[static.xx.fbcdn.net/rsrc.php/v3/yR/l/0,cross/yBU-VBB8r571f8e.css]
[static.xx.fbcdn.net/rsrc.php/v3/yN/l/0,cross/kBpqGTccRQ91f8e.css]
[static.xx.fbcdn.net/rsrc.php/v3/yM/l/0,cross/B81_7tzlsQJ1f8e.css]
[static.xx.fbcdn.net/rsrc.php/v3/yZ/l/0,cross/HSSuNo0zyAb1f8e.css]
[static.xx.fbcdn.net/rsrc.php/v3/yH/l/0,cross/St_iiKRyy8a1f8e.css]
[static.xx.fbcdn.net/rsrc.php/v3/yF/l/0,cross/1c5ReXroz171f8e.css]
[static.xx.fbcdn.net/rsrc.php/v3/yu/l/0,cross/_XvSYB8cify1f8e.css]
[static.xx.fbcdn.net/rsrc.php/v3/yF/l/0,cross/_EbdNj_8GJ21f8e.css]
[static.xx.fbcdn.net/rsrc.php/v3/yd/l/0,cross/NIbozs8EtMA1f8e.css]
[static.xx.fbcdn.net/rsrc.php/v3/yM/l/0,cross/58W2SmjS6XQ1f8e.css]
[static.xx.fbcdn.net/rsrc.php/v3/yv/l/0,cross/pE3EoPmLARf1f8e.css]
[static.xx.fbcdn.net/rsrc.php/v3/yR/l/0,cross/lKzfirJ8CVe1f8e.css]
[static.xx.fbcdn.net/rsrc.php/v3/yR/l/0,cross/84d03b8gcDv1f8e.css]
[static.xx.fbcdn.net/rsrc.php/v3/yR/l/0,cross/ujaGZ3mEGZz1f8e.css]
[static.xx.fbcdn.net/rsrc.php/v3/yO/l/0,cross/F5w7o1Rpis01f8e.css]
[static.xx.fbcdn.net/rsrc.php/v3/yS/r/QEPx3RdoTjE1f8e.js]
[scontent.fdel27-1.fna.fbcdn.net/v/t1.6435-1/p720x720/123278600_120751976502297_802771120698281799_nfd69.jpg]
[static.xx.fbcdn.net/rsrc.php/v3/yg/r/AT9YNs6Rbpt.png]
[static.xx.fbcdn.net/rsrc.php/v3/y7/r/PL1sMLehMAU.png]
[static.xx.fbcdn.net/rsrc.php/v3/y5/r/SSEf0jMMMxV.png]
[static.xx.fbcdn.net/rsrc.php/v3/yl/r/LwDWwC1d0Rx.png]
[scontent.fdel27-3.fna.fbcdn.net/v/t1.18169-1/cp0/p56x56/19029722_1388238391242045_5523334472172468506_n0f29.jpg]
[scontent.fdel27-1.fna.fbcdn.net/v/t1.6435-1/cp0/p56x56/136068462_103411308384686_5812896432042186734_n6b9f.jpg]
[scontent.fdel27-3.fna.fbcdn.net/v/t39.30808-1/cp0/p56x56/210412416_1492194044453023_6844664017617567319_n45b0.jpg]
[scontent.fdel27-4.fna.fbcdn.net/v/t1.6435-1/cp0/s56x56/133085149_107679444571716_8205729566573465424_n3b93.jpg]
[scontent.fdel27-4.fna.fbcdn.net/v/t1.6435-1/cp0/p56x56/137303844_108803481171435_2256803609129460467_n49f7.jpg]
[scontent.fdel27-3.fna.fbcdn.net/v/t1.6435-1/cp0/p56x56/190389831_166729975393710_3232744404127068515_nd0a7.jpg]
[scontent.fdel27-1.fna.fbcdn.net/v/t1.6435-1/cp0/p56x56/197902124_113105610979515_7107367164922251491_n6b7c.jpg]
[scontent.fdel27-4.fna.fbcdn.net/v/t1.6435-1/cp0/p56x56/150874412_102875941850398_793755559972744531_n6a70.png]
[scontent.fdel27-2.fna.fbcdn.net/v/t1.6435-1/cp0/p56x56/123507520_103596318230732_4242587686745721770_n9de0.jpg]
[scontent.fdel27-1.fna.fbcdn.net/v/t1.6435-1/cp0/p56x56/176870348_128543749313210_526375911452447744_n1e66.jpg]
[scontent.fdel27-3.fna.fbcdn.net/v/t1.6435-1/cp0/p56x56/136436692_104430288278188_6402778872349685698_nba31.jpg]
[scontent.fdel27-1.fna.fbcdn.net/v/t1.6435-1/cp0/p56x56/76695153_102246227921615_6346286342774718464_nf68a.jpg]
[scontent.fdel27-3.fna.fbcdn.net/v/t1.6435-1/cp0/p56x56/205873579_105058778496350_2665784105021478141_n0159.png]
[scontent.fdel27-4.fna.fbcdn.net/v/t1.6435-1/cp0/p56x56/83870970_103520687886054_7285971869415505920_ne36d.jpg]
[scontent.fdel27-4.fna.fbcdn.net/v/t1.6435-1/cp0/p56x56/204546825_100758732274285_3603190767309311067_n722a.jpg]
[scontent.fdel27-1.fna.fbcdn.net/v/t1.6435-1/cp0/p56x56/158939851_764075560886727_7306310058534608437_n92f7.png]
[scontent.fdel27-4.fna.fbcdn.net/v/t1.6435-1/cp0/p56x56/123999736_116387813584265_1181258256941847508_nb1d5.jpg]
[scontent.fdel27-4.fna.fbcdn.net/v/t1.6435-1/cp0/p56x56/190389838_105613208394166_7612919797004892641_nc229.jpg]
[scontent.fdel27-1.fna.fbcdn.net/v/t1.6435-1/cp0/p50x50/123278600_120751976502297_802771120698281799_naa06.jpg]
[scontent.fdel27-1.fna.fbcdn.net/v/t15.5256-10/244415094_272233094769707_4698642387623057162_n7784.jpg]
[static.xx.fbcdn.net/rsrc.php/v3/y4/r/-PAXP-deijE.gif]
[www.facebook.com/Kode-Sporting-Club-101063235137838/'https.7a.delayed]
[scontent.fdel27-3.fna.fbcdn.net/v/t15.5256-10/195635715_1200968303684587_174776379763569095_n2040.jpg]
[scontent.fdel27-4.fna.fbcdn.net/v/t15.5256-10/p526x296/125535569_234506671402188_6049259148182146133_n21e9.jpg]
[scontent.fdel27-4.fna.fbcdn.net/v/t15.5256-10/s261x260/143065402_441187870428966_4498364094706509689_nc480.jpg]
[scontent.fdel27-1.fna.fbcdn.net/v/t15.5256-10/s261x260/244415094_272233094769707_4698642387623057162_nf326.jpg]
[connect.facebook.net/security/hsts-pixel.gif]
[www.facebook.com/Kode-Sporting-Club-101063235137838/theaustralian.com.au]
[www.facebook.com/Kode-Sporting-Club-101063235137838/news.com.au]
[www.facebook.com/Kode-Sporting-Club-101063235137838/kollosche.com.au]
[www.facebook.com/Kode-Sporting-Club-101063235137838/awstrack.me]
[www.facebook.com/Kode-Sporting-Club-101063235137838/2bYrwx]
[www.facebook.com/Kode-Sporting-Club-101063235137838/9xy7ma]
[www.facebook.com/Kode-Sporting-Club-101063235137838/MMKgLS]
[www.facebook.com/Kode-Sporting-Club-101063235137838/8]
[www.facebook.com/Kode-Sporting-Club-101063235137838/lChRAP]
[www.facebook.com/Kode-Sporting-Club-101063235137838/fkzuO]
[www.facebook.com/Kode-Sporting-Club-101063235137838/i3C]
[www.facebook.com/Kode-Sporting-Club-101063235137838/kDB4AA]
[www.facebook.com/Kode-Sporting-Club-101063235137838/index.html]
[www.instagram.com/static/bundles/metro/ConsumerUICommons.css/268ee4f741a7.css]
[www.instagram.com/static/bundles/metro/Consumer.css/b1e32dfa659b.css]
[www.instagram.com/static/bundles/metro/ProfilePageContainer.css/6ed62d30831b.css]
[www.instagram.com/static/bundles/metro/Vendor.js/6b3e3ddf6057.js]
[www.instagram.com/static/bundles/metro/en_US.js/8bb7453f3e06.js]
[www.instagram.com/static/bundles/metro/ConsumerLibCommons.js/36b0ac7200f5.js]
[www.instagram.com/static/bundles/metro/ConsumerUICommons.js/db573ea2580e.js]
[www.instagram.com/static/bundles/metro/ConsumerAsyncCommons.js/c4ca4238a0b9.js]
[www.instagram.com/static/bundles/metro/Consumer.js/7f00331bc1ae.js]
[www.instagram.com/static/bundles/metro/ProfilePageContainer.js/7f7336c28c3b.js]
[www.instagram.com/static/images/ico/apple-touch-icon-76x76-precomposed.png/666282be8229.png]
[www.instagram.com/static/images/ico/apple-touch-icon-120x120-precomposed.png/8a5bd3f267b1.png]
[www.instagram.com/static/images/ico/apple-touch-icon-152x152-precomposed.png/68193576ffc5.png]
[www.instagram.com/static/images/ico/apple-touch-icon-167x167-precomposed.png/4985e31c9100.png]
[www.instagram.com/static/images/ico/apple-touch-icon-180x180-precomposed.png/c06fdb2357bd.png]
[www.instagram.com/static/images/ico/favicon-192.png/68d99ba29cc8.png]
[www.instagram.com/static/bundles/metro/Polyfills.js/ff150f65f00e.js]
[www.instagram.com/kodeclubs/index.html]
[www.kodeclubs.com/overview.html]
[www.kodeclubs.com/club_house_image_1.html]
[www.instagram.com/kodeclubs/indexfef7.html]
[www.kodeclubs.com/club_house_image_3.html]
[www.instagram.com/kodeclubs/index7d7c.html]
[www.instagram.com/kodeclubs/indexa209.html]
[www.kodeclubs.com/basket_soccer_image_1.html]
[www.instagram.com/kodeclubs/index0016.html]
[www.kodeclubs.com/soccer_rugby_image_1.html]
[www.kodeclubs.com/central_lawn_image_1.html]
[www.kodeclubs.com/central_lawn_image_2.html]
[www.kodeclubs.com/central_lawn_image_3.html]
[www.kodeclubs.com/running_cycling_image_3.html]
[www.kodeclubs.com/running_cycling_image_2.html]
[www.kodeclubs.com/running_cycling_image_1.html]
[www.kodeclubs.com/fitness_center_image_1.html]
[www.kodeclubs.com/fitness_center_image_2.html]
