[4f7u1idml2lg2to5gkk840d5ljiriogq-a-sites-opensocial.googleusercontent.com/gadgets/ifr6b29.html]
[4f7u1idml2lg2to5gkk840d5ljiriogq-a-sites-opensocial.googleusercontent.com/gadgets/transpile.1.delayed]
[4f7u1idml2lg2to5gkk840d5ljiriogq-a-sites-opensocial.googleusercontent.com/gadgets/get.2.delayed]
[backblue.gif]
[fade.gif]
[index.html]
[www-sites-opensocial.googleusercontent.com/gadgets/js/core2471.js]
[cdn.jsdelivr.net/gh/h3sj7v2f6k/sf5fg7eh@b7eeadcaf56b0b1604d247fc59dcaf1ced44a8ba/style.css]
[cdn.jsdelivr.net/gh/h3sj7v2f6k/sf5fg7eh@b7eeadcaf56b0b1604d247fc59dcaf1ced44a8ba/UnityProgress.js]
[cdn.jsdelivr.net/gh/h3sj7v2f6k/sf5fg7eh@b7eeadcaf56b0b1604d247fc59dcaf1ced44a8ba/UnityLoader.js]
[cdn.jsdelivr.net/gh/h3sj7v2f6k/sf5fg7eh@f3d175b81dc28d82dfc30fc758c64ea0f6d1704d/firebase-app.js]
[cdn.jsdelivr.net/gh/h3sj7v2f6k/sf5fg7eh@f3d175b81dc28d82dfc30fc758c64ea0f6d1704d/firebase-auth.js]
[cdn.jsdelivr.net/gh/h3sj7v2f6k/sf5fg7eh@f3d175b81dc28d82dfc30fc758c64ea0f6d1704d/firebase-firestore.js]
[cdn.jsdelivr.net/gh/h3sj7v2f6k/sf5fg7eh@f3d175b81dc28d82dfc30fc758c64ea0f6d1704d/firebase-remote-config.js]
[cdn.jsdelivr.net/gh/h3sj7v2f6k/sf5fg7eh@f3d175b81dc28d82dfc30fc758c64ea0f6d1704d/firebase.js]
[cdn.jsdelivr.net/gh/h3sj7v2f6k/sf5fg7eh@f3d175b81dc28d82dfc30fc758c64ea0f6d1704d/login.js]
[cdn.jsdelivr.net/gh/h3sj7v2f6k/sf5fg7eh@f3d175b81dc28d82dfc30fc758c64ea0f6d1704d/firebase-config.js]
[4f7u1idml2lg2to5gkk840d5ljiriogq-a-sites-opensocial.googleusercontent.com/gadgets/ifr6b29.html]
[4f7u1idml2lg2to5gkk840d5ljiriogq-a-sites-opensocial.googleusercontent.com/gadgets/transpile.html]
[4f7u1idml2lg2to5gkk840d5ljiriogq-a-sites-opensocial.googleusercontent.com/gadgets/get.html]
[cdn.jsdelivr.net/gh/h3sj7v2f6k/sf5fg7eh@b7eeadcaf56b0b1604d247fc59dcaf1ced44a8ba/progressLogo.Light.png]
[cdn.jsdelivr.net/gh/h3sj7v2f6k/sf5fg7eh@b7eeadcaf56b0b1604d247fc59dcaf1ced44a8ba/progressEmpty.Light.png]
[cdn.jsdelivr.net/gh/h3sj7v2f6k/sf5fg7eh@b7eeadcaf56b0b1604d247fc59dcaf1ced44a8ba/progressFull.Light.png]
[cdn.jsdelivr.net/gh/h3sj7v2f6k/sf5fg7eh@b7eeadcaf56b0b1604d247fc59dcaf1ced44a8ba/progressLogo.Dark.png]
[cdn.jsdelivr.net/gh/h3sj7v2f6k/sf5fg7eh@b7eeadcaf56b0b1604d247fc59dcaf1ced44a8ba/progressEmpty.Dark.png]
[cdn.jsdelivr.net/gh/h3sj7v2f6k/sf5fg7eh@b7eeadcaf56b0b1604d247fc59dcaf1ced44a8ba/progressFull.Dark.png]
[cdn.jsdelivr.net/gh/h3sj7v2f6k/sf5fg7eh@b7eeadcaf56b0b1604d247fc59dcaf1ced44a8ba/webgl-logo.png]
[cdn.jsdelivr.net/gh/h3sj7v2f6k/sf5fg7eh@b7eeadcaf56b0b1604d247fc59dcaf1ced44a8ba/fullscreen.png]
[cdn.jsdelivr.net/gh/h3sj7v2f6k/sf5fg7eh@b7eeadcaf56b0b1604d247fc59dcaf1ced44a8ba/style.css]
[cdn.jsdelivr.net/gh/h3sj7v2f6k/sf5fg7eh@b7eeadcaf56b0b1604d247fc59dcaf1ced44a8ba/progressFull.Light.png]
[cdn.jsdelivr.net/gh/h3sj7v2f6k/sf5fg7eh@b7eeadcaf56b0b1604d247fc59dcaf1ced44a8ba/webgl-logo.png]
[cdn.jsdelivr.net/gh/h3sj7v2f6k/sf5fg7eh@b7eeadcaf56b0b1604d247fc59dcaf1ced44a8ba/fullscreen.png]
